../Core/Src/main.c:92:6:HAL_UARTEx_RxEventCallback	24	static
../Core/Src/main.c:102:5:stringToNumber	16	static
../Core/Src/main.c:107:6:numberToString	16	static
../Core/Src/main.c:118:5:main	16	static
../Core/Src/main.c:541:6:SystemClock_Config	72	static
../Core/Src/main.c:578:13:MX_IWDG_Init	8	static
../Core/Src/main.c:605:13:MX_SPI1_Init	8	static
../Core/Src/main.c:642:13:MX_USART2_UART_Init	8	static
../Core/Src/main.c:674:13:MX_GPIO_Init	32	static
../Core/Src/main.c:705:1:__io_putchar	16	static
../Core/Src/main.c:720:6:Error_Handler	4	static,ignoring_inline_asm
